// Jest Snapshot v1, https://goo.gl/fbAQLP

exports[`time-ago should match the snapshot 1`] = `14m`;
